C:\Users\samue\OneDrive\Documents\Universidad\Tesis\Github\graduacion_cartesiano_codigo\V3\tmp\auto-v2-vision-capture-obcwmvz4\i2c.cpp: In function 'void reiniciarFiltroV2(ContextoCamara&)':
C:\Users\samue\OneDrive\Documents\Universidad\Tesis\Github\graduacion_cartesiano_codigo\V3\tmp\auto-v2-vision-capture-obcwmvz4\i2c.cpp:504:3: warning: missing initializer for member 'FiltroDeteccionV2::primerMs' [-Wmissing-field-initializers]
  504 |   };
      |   ^
C:\Users\samue\OneDrive\Documents\Universidad\Tesis\Github\graduacion_cartesiano_codigo\V3\tmp\auto-v2-vision-capture-obcwmvz4\i2c.cpp:504:3: warning: missing initializer for member 'FiltroDeteccionV2::ultimoMs' [-Wmissing-field-initializers]
C:\Users\samue\OneDrive\Documents\Universidad\Tesis\Github\graduacion_cartesiano_codigo\V3\tmp\auto-v2-vision-capture-obcwmvz4\i2c.cpp:504:3: warning: missing initializer for member 'FiltroDeteccionV2::primerYRaw' [-Wmissing-field-initializers]
C:\Users\samue\OneDrive\Documents\Universidad\Tesis\Github\graduacion_cartesiano_codigo\V3\tmp\auto-v2-vision-capture-obcwmvz4\i2c.cpp:504:3: warning: missing initializer for member 'FiltroDeteccionV2::muestrasYDistintas' [-Wmissing-field-initializers]
C:\Users\samue\OneDrive\Documents\Universidad\Tesis\Github\graduacion_cartesiano_codigo\V3\tmp\auto-v2-vision-capture-obcwmvz4\i2c.cpp: In function 'bool leerPiezasV2UnaVez(ContextoCamara&, const ControlCamaraCompartido&, uint32_t)':
C:\Users\samue\OneDrive\Documents\Universidad\Tesis\Github\graduacion_cartesiano_codigo\V3\tmp\auto-v2-vision-capture-obcwmvz4\i2c.cpp:1082:22: warning: enumerated and non-enumerated type in conditional expression [-Wextra]
 1082 |       !encoderValido ? diagnosticarEncoderV2(encoder) :
      |       ~~~~~~~~~~~~~~~^~~~~~~~~~~~~~~~~~~~~~~~~~~~~~~~~~
 1083 |         (cantidadUnicos == 0 ? V2_DIAG_SIN_PIEZA : V2_DIAG_SIN_BLOQUEO),
      |         ~~~~~~~~~~~~~~~~~~~~~~~~~~~~~~~~~~~~~~~~~~~~~~~~~~~~~~~~~~~~~~~
PASS: ESP vision captura fija; region, cuentas, ejes, reserva, cajas, ambiguedad y compatibilidad de ensayos.
C:\Users\samue\OneDrive\Documents\Universidad\Tesis\Github\graduacion_cartesiano_codigo\V3\tmp\auto-v2-vision-capture-obcwmvz4\rs485.cpp: In function 'void reiniciarFiltroV2(ContextoCamara&)':
C:\Users\samue\OneDrive\Documents\Universidad\Tesis\Github\graduacion_cartesiano_codigo\V3\tmp\auto-v2-vision-capture-obcwmvz4\rs485.cpp:504:3: warning: missing initializer for member 'FiltroDeteccionV2::primerMs' [-Wmissing-field-initializers]
  504 |   };
      |   ^
C:\Users\samue\OneDrive\Documents\Universidad\Tesis\Github\graduacion_cartesiano_codigo\V3\tmp\auto-v2-vision-capture-obcwmvz4\rs485.cpp:504:3: warning: missing initializer for member 'FiltroDeteccionV2::ultimoMs' [-Wmissing-field-initializers]
C:\Users\samue\OneDrive\Documents\Universidad\Tesis\Github\graduacion_cartesiano_codigo\V3\tmp\auto-v2-vision-capture-obcwmvz4\rs485.cpp:504:3: warning: missing initializer for member 'FiltroDeteccionV2::primerYRaw' [-Wmissing-field-initializers]
C:\Users\samue\OneDrive\Documents\Universidad\Tesis\Github\graduacion_cartesiano_codigo\V3\tmp\auto-v2-vision-capture-obcwmvz4\rs485.cpp:504:3: warning: missing initializer for member 'FiltroDeteccionV2::muestrasYDistintas' [-Wmissing-field-initializers]
C:\Users\samue\OneDrive\Documents\Universidad\Tesis\Github\graduacion_cartesiano_codigo\V3\tmp\auto-v2-vision-capture-obcwmvz4\rs485.cpp: In function 'bool leerPiezasV2UnaVez(ContextoCamara&, const ControlCamaraCompartido&, uint32_t)':
C:\Users\samue\OneDrive\Documents\Universidad\Tesis\Github\graduacion_cartesiano_codigo\V3\tmp\auto-v2-vision-capture-obcwmvz4\rs485.cpp:1082:22: warning: enumerated and non-enumerated type in conditional expression [-Wextra]
 1082 |       !encoderValido ? diagnosticarEncoderV2(encoder) :
      |       ~~~~~~~~~~~~~~~^~~~~~~~~~~~~~~~~~~~~~~~~~~~~~~~~~
 1083 |         (cantidadUnicos == 0 ? V2_DIAG_SIN_PIEZA : V2_DIAG_SIN_BLOQUEO),
      |         ~~~~~~~~~~~~~~~~~~~~~~~~~~~~~~~~~~~~~~~~~~~~~~~~~~~~~~~~~~~~~~~
PASS: ESP vision captura fija; region, cuentas, ejes, reserva, cajas, ambiguedad y compatibilidad de ensayos.
